Command line invocation:
    /Applications/Xcode-beta.app/Contents/Developer/usr/bin/xcodebuild build -project GoodWalk.xcodeproj -scheme GoodWalk -destination "platform=iOS Simulator,name=iPhone Duo" -derivedDataPath /tmp/dd-dogwalk-duo -skipPackagePluginValidation CODE_SIGNING_ALLOWED=NO

Build settings from command line:
    CODE_SIGNING_ALLOWED = NO

Resolve Package Graph


Resolved source packages:
  PostHog: https://github.com/PostHog/posthog-ios @ 3.78.1

ComputePackagePrebuildTargetDependencyGraph

Prepare packages

CreateBuildRequest

SendProjectDescription

CreateBuildOperation

ComputeTargetDependencyGraph
note: Building targets in dependency order
note: Target dependency graph (9 targets)
    Target 'GoodWalk' in project 'GoodWalk'
        ➜ Explicit dependency on target 'GoodWalkWidgets' in project 'GoodWalk'
        ➜ Explicit dependency on target 'PostHog-product' in project 'PostHog'
    Target 'PostHog-product' in project 'PostHog'
        ➜ Explicit dependency on target 'PostHog' in project 'PostHog'
        ➜ Explicit dependency on target 'PostHog_PostHog' in project 'PostHog'
        ➜ Explicit dependency on target 'PostHogObjCExceptionSupport' in project 'PostHog'
        ➜ Explicit dependency on target 'phlibwebp' in project 'PostHog'
        ➜ Explicit dependency on target 'PHPLCrashReporter' in project 'PostHog'
    Target 'PostHog' in project 'PostHog'
        ➜ Explicit dependency on target 'PostHog_PostHog' in project 'PostHog'
        ➜ Explicit dependency on target 'PostHogObjCExceptionSupport' in project 'PostHog'
        ➜ Explicit dependency on target 'phlibwebp' in project 'PostHog'
        ➜ Explicit dependency on target 'PHPLCrashReporter' in project 'PostHog'
    Target 'PHPLCrashReporter' in project 'PostHog'
        ➜ Explicit dependency on target 'PostHog_PHPLCrashReporter' in project 'PostHog'
    Target 'PostHog_PHPLCrashReporter' in project 'PostHog' (no dependencies)
    Target 'phlibwebp' in project 'PostHog' (no dependencies)
    Target 'PostHogObjCExceptionSupport' in project 'PostHog' (no dependencies)
    Target 'PostHog_PostHog' in project 'PostHog' (no dependencies)
    Target 'GoodWalkWidgets' in project 'GoodWalk' (no dependencies)

GatherProvisioningInputs

CreateBuildDescription

ClangStatCache /Applications/Xcode-beta.app/Contents/Developer/Toolchains/XcodeDefault.xctoolchain/usr/bin/clang-stat-cache /Applications/Xcode-beta.app/Contents/Developer/Platforms/iPhoneSimulator.platform/Developer/SDKs/iPhoneSimulator27.1.sdk /tmp/dd-dogwalk-duo/SDKStatCaches.noindex/iphonesimulator27.1-24A94403-ad27b2e959b5dc8f758a274836ee501f.sdkstatcache
    cd /Users/nicksoderstrom/Developer/claudecode/dogwalk/GoodWalk.xcodeproj
    /Applications/Xcode-beta.app/Contents/Developer/Toolchains/XcodeDefault.xctoolchain/usr/bin/clang-stat-cache /Applications/Xcode-beta.app/Contents/Developer/Platforms/iPhoneSimulator.platform/Developer/SDKs/iPhoneSimulator27.1.sdk -o /tmp/dd-dogwalk-duo/SDKStatCaches.noindex/iphonesimulator27.1-24A94403-ad27b2e959b5dc8f758a274836ee501f.sdkstatcache

ProcessInfoPlistFile /tmp/dd-dogwalk-duo/Build/Products/Debug-iphonesimulator/GoodWalkWidgets.appex/Info.plist /Users/nicksoderstrom/Developer/claudecode/dogwalk/GoodWalkWidgets/Info.plist (in target 'GoodWalkWidgets' from project 'GoodWalk')
    cd /Users/nicksoderstrom/Developer/claudecode/dogwalk
    builtin-infoPlistUtility /Users/nicksoderstrom/Developer/claudecode/dogwalk/GoodWalkWidgets/Info.plist -producttype com.apple.product-type.app-extension -expandbuildsettings -format binary -platform iphonesimulator -o /tmp/dd-dogwalk-duo/Build/Products/Debug-iphonesimulator/GoodWalkWidgets.appex/Info.plist

ProcessInfoPlistFile /tmp/dd-dogwalk-duo/Build/Products/Debug-iphonesimulator/PostHog_PostHog.bundle/Info.plist /tmp/dd-dogwalk-duo/Build/Intermediates.noindex/PostHog.build/Debug-iphonesimulator/PostHog_PostHog-b.build/empty-PostHog_PostHog.plist (in target 'PostHog_PostHog' from project 'PostHog')
    cd /tmp/dd-dogwalk-duo/SourcePackages/checkouts/posthog-ios
    builtin-infoPlistUtility /tmp/dd-dogwalk-duo/Build/Intermediates.noindex/PostHog.build/Debug-iphonesimulator/PostHog_PostHog-b.build/empty-PostHog_PostHog.plist -producttype com.apple.product-type.bundle -expandbuildsettings -format binary -platform iphonesimulator -o /tmp/dd-dogwalk-duo/Build/Products/Debug-iphonesimulator/PostHog_PostHog.bundle/Info.plist

ProcessInfoPlistFile /tmp/dd-dogwalk-duo/Build/Products/Debug-iphonesimulator/PostHog_PHPLCrashReporter.bundle/Info.plist /tmp/dd-dogwalk-duo/Build/Intermediates.noindex/PostHog.build/Debug-iphonesimulator/PostHog_PHPLCrashReporter-b.build/empty-PostHog_PHPLCrashReporter.plist (in target 'PostHog_PHPLCrashReporter' from project 'PostHog')
    cd /tmp/dd-dogwalk-duo/SourcePackages/checkouts/posthog-ios
    builtin-infoPlistUtility /tmp/dd-dogwalk-duo/Build/Intermediates.noindex/PostHog.build/Debug-iphonesimulator/PostHog_PHPLCrashReporter-b.build/empty-PostHog_PHPLCrashReporter.plist -producttype com.apple.product-type.bundle -expandbuildsettings -format binary -platform iphonesimulator -o /tmp/dd-dogwalk-duo/Build/Products/Debug-iphonesimulator/PostHog_PHPLCrashReporter.bundle/Info.plist

ProcessInfoPlistFile /tmp/dd-dogwalk-duo/Build/Products/Debug-iphonesimulator/GoodWalk.app/Info.plist /Users/nicksoderstrom/Developer/claudecode/dogwalk/GoodWalk/Info.plist (in target 'GoodWalk' from project 'GoodWalk')
    cd /Users/nicksoderstrom/Developer/claudecode/dogwalk
    builtin-infoPlistUtility /Users/nicksoderstrom/Developer/claudecode/dogwalk/GoodWalk/Info.plist -producttype com.apple.product-type.application -genpkginfo /tmp/dd-dogwalk-duo/Build/Products/Debug-iphonesimulator/GoodWalk.app/PkgInfo -expandbuildsettings -format binary -platform iphonesimulator -additionalcontentfile /tmp/dd-dogwalk-duo/Build/Intermediates.noindex/GoodWalk.build/Debug-iphonesimulator/GoodWalk.build/assetcatalog_generated_info.plist -scanforprivacyfile /tmp/dd-dogwalk-duo/Build/Products/Debug-iphonesimulator/GoodWalk.app/PlugIns/GoodWalkWidgets.appex -scanforprivacyfile /tmp/dd-dogwalk-duo/Build/Products/Debug-iphonesimulator/GoodWalk.app/PostHog_PHPLCrashReporter.bundle -scanforprivacyfile /tmp/dd-dogwalk-duo/Build/Products/Debug-iphonesimulator/GoodWalk.app/PostHog_PostHog.bundle -o /tmp/dd-dogwalk-duo/Build/Products/Debug-iphonesimulator/GoodWalk.app/Info.plist

CopySwiftLibs /tmp/dd-dogwalk-duo/Build/Products/Debug-iphonesimulator/GoodWalk.app (in target 'GoodWalk' from project 'GoodWalk')
    cd /Users/nicksoderstrom/Developer/claudecode/dogwalk
    builtin-swiftStdLibTool --copy --verbose --scan-executable /tmp/dd-dogwalk-duo/Build/Products/Debug-iphonesimulator/GoodWalk.app/GoodWalk.debug.dylib --scan-folder /tmp/dd-dogwalk-duo/Build/Products/Debug-iphonesimulator/GoodWalk.app/Frameworks --scan-folder /tmp/dd-dogwalk-duo/Build/Products/Debug-iphonesimulator/GoodWalk.app/PlugIns --scan-folder /tmp/dd-dogwalk-duo/Build/Products/Debug-iphonesimulator/GoodWalk.app/SystemExtensions --scan-folder /tmp/dd-dogwalk-duo/Build/Products/Debug-iphonesimulator/GoodWalk.app/Extensions --platform iphonesimulator --toolchain /Applications/Xcode-beta.app/Contents/Developer/Toolchains/XcodeDefault.xctoolchain --destination /tmp/dd-dogwalk-duo/Build/Products/Debug-iphonesimulator/GoodWalk.app/Frameworks --strip-bitcode --strip-bitcode-tool /Applications/Xcode-beta.app/Contents/Developer/Toolchains/XcodeDefault.xctoolchain/usr/bin/bitcode_strip --emit-dependency-info /tmp/dd-dogwalk-duo/Build/Intermediates.noindex/GoodWalk.build/Debug-iphonesimulator/GoodWalk.build/SwiftStdLibToolInputDependencies.dep --filter-for-swift-os
Ignoring --strip-bitcode because --sign was not passed

Validate /tmp/dd-dogwalk-duo/Build/Products/Debug-iphonesimulator/GoodWalk.app (in target 'GoodWalk' from project 'GoodWalk')
    cd /Users/nicksoderstrom/Developer/claudecode/dogwalk
    builtin-validationUtility /tmp/dd-dogwalk-duo/Build/Products/Debug-iphonesimulator/GoodWalk.app -shallow-bundle -infoplist-subpath Info.plist

PruneExplicitPrecompiledModules /tmp/dd-dogwalk-duo/SDKExplicitPrecompiledModules

PruneExplicitPrecompiledModules /tmp/dd-dogwalk-duo/Build/Intermediates.noindex/ExplicitPrecompiledModules

PruneExplicitPrecompiledModules /tmp/dd-dogwalk-duo/Build/Intermediates.noindex/SwiftExplicitPrecompiledModules

** BUILD SUCCEEDED **

